Last login: Fri Oct 10 20:24:40 on ttys007
devonwoodson@Devons-Mac-mini ~ % cd "/Users/devonwoodson/Documents/GitHub/chatty"
npm run cli


> chatty@1.0.0 cli
> npm run build && npx tsx src/cli/chatty-cli.ts


> chatty@1.0.0 build
> vite build

vite v7.1.7 building for production...
‚úì 1388 modules transformed.
[plugin vite:reporter] 
(!) /Users/devonwoodson/Documents/GitHub/Chatty/src/lib/aiService.js is dynamically imported by /Users/devonwoodson/Documents/GitHub/Chatty/src/components/Layout.tsx but also statically imported by /Users/devonwoodson/Documents/GitHub/Chatty/src/components/GPTCreator.tsx, dynamic import will not move module into another chunk.

dist/index.html                           0.59 kB ‚îÇ gzip:  0.36 kB
dist/assets/index-CdAyiM_i.css           24.69 kB ‚îÇ gzip:  5.25 kB
dist/assets/conversationAI-BSmetzUx.js    1.05 kB ‚îÇ gzip:  0.56 kB
dist/assets/index-B68aePgc.js           271.22 kB ‚îÇ gzip: 84.97 kB
‚úì built in 1.04s
Chatty API listening on http://127.0.0.1:5060/chatty
‚úì Found existing Ollama at http://localhost:11434
‚îå‚îÄ‚îÄ‚îÄ‚îÄ‚îÄ‚îÄ‚îÄ‚îÄ‚îÄ‚îÄ‚îÄ‚îÄ‚îÄ‚îÄ‚îÄ‚îÄ‚îÄ‚îÄ‚îÄ‚îÄ‚îÄ‚îÄ‚îÄ‚îÄ‚îÄ‚îÄ‚îÄ‚îÄ‚îÄ‚îÄ‚îÄ‚îÄ‚îÄ‚îÄ‚îÄ‚îÄ‚îÄ‚îÄ‚îÄ‚îÄ‚îÄ‚îÄ‚îÄ‚îÄ‚îÄ‚îÄ‚îÄ‚îÄ‚îÄ‚îÄ‚îÄ‚îÄ‚îÄ‚îÄ‚îÄ‚îÄ‚îÄ‚îÄ‚îê
‚îÇ        .---. .-. .-.  .--.  .---.  .---..-.  .-.         ‚îÇ
‚îÇ        /  ___}| {_} | / {} \{_   _}{_   _}\ \/ /         ‚îÇ
‚îÇ        \     }| { } |/  /\  \ | |    | |   }  {          ‚îÇ
‚îÇ         `---' `-' `-'`-'  `-' `-'    `-'   `--'          ‚îÇ
‚îî‚îÄ‚îÄ‚îÄ‚îÄ‚îÄ‚îÄ‚îÄ‚îÄ‚îÄ‚îÄ‚îÄ‚îÄ‚îÄ‚îÄ‚îÄ‚îÄ‚îÄ‚îÄ‚îÄ‚îÄ‚îÄ‚îÄ‚îÄ‚îÄ‚îÄ‚îÄ‚îÄ‚îÄ‚îÄ‚îÄ‚îÄ‚îÄ‚îÄ‚îÄ‚îÄ‚îÄ‚îÄ‚îÄ‚îÄ‚îÄ‚îÄ‚îÄ‚îÄ‚îÄ‚îÄ‚îÄ‚îÄ‚îÄ‚îÄ‚îÄ‚îÄ‚îÄ‚îÄ‚îÄ‚îÄ‚îÄ‚îÄ‚îÄ‚îò

üß† Chatty CLI - Terminal AI Assistant
=====================================

Welcome to Chatty! I have full AI capabilities:
  ‚Ä¢ Memory System - I remember our conversations
  ‚Ä¢ Reasoning Engine - I can solve complex problems
  ‚Ä¢ File Processing - I can analyze files
  ‚Ä¢ Context Awareness - I understand conversation flow

Type your message and press Enter to chat with me.
Type /help to see all available commands.

devonwoodson> üëã Goodbye! Thanks for using Chatty CLI!
devonwoodson@Devons-Mac-mini chatty % npm run cli

> chatty@1.0.0 cli
> npm run build && npx tsx src/cli/chatty-cli.ts


> chatty@1.0.0 build
> vite build

vite v7.1.7 building for production...
‚úì 1388 modules transformed.
[plugin vite:reporter] 
(!) /Users/devonwoodson/Documents/GitHub/Chatty/src/lib/aiService.js is dynamically imported by /Users/devonwoodson/Documents/GitHub/Chatty/src/components/Layout.tsx but also statically imported by /Users/devonwoodson/Documents/GitHub/Chatty/src/components/GPTCreator.tsx, dynamic import will not move module into another chunk.

dist/index.html                           0.59 kB ‚îÇ gzip:  0.36 kB
dist/assets/index-CdAyiM_i.css           24.69 kB ‚îÇ gzip:  5.25 kB
dist/assets/conversationAI-BSmetzUx.js    1.05 kB ‚îÇ gzip:  0.56 kB
dist/assets/index-B68aePgc.js           271.22 kB ‚îÇ gzip: 84.97 kB
‚úì built in 944ms
Chatty API listening on http://127.0.0.1:5060/chatty
‚úì Found existing Ollama at http://localhost:11434
‚îå‚îÄ‚îÄ‚îÄ‚îÄ‚îÄ‚îÄ‚îÄ‚îÄ‚îÄ‚îÄ‚îÄ‚îÄ‚îÄ‚îÄ‚îÄ‚îÄ‚îÄ‚îÄ‚îÄ‚îÄ‚îÄ‚îÄ‚îÄ‚îÄ‚îÄ‚îÄ‚îÄ‚îÄ‚îÄ‚îÄ‚îÄ‚îÄ‚îÄ‚îÄ‚îÄ‚îÄ‚îÄ‚îÄ‚îÄ‚îÄ‚îÄ‚îÄ‚îÄ‚îÄ‚îÄ‚îÄ‚îÄ‚îÄ‚îÄ‚îÄ‚îÄ‚îÄ‚îÄ‚îÄ‚îÄ‚îÄ‚îÄ‚îÄ‚îê
‚îÇ              (       )           )    )                  ‚îÇ
‚îÇ              )\   ( /(     )  ( /( ( /( (                ‚îÇ
‚îÇ            (((_)  )\()) ( /(  )\()))\()))\ )             ‚îÇ
‚îÇ            )\___ ((_\)  )(_))(_))/(_))/(()/(             ‚îÇ
‚îÇ           ((/ __|| |(_)((_)_ | |_ | |_  )(_))            ‚îÇ
‚îÇ            | (__ | ' \ / _` ||  _||  _|| || |            ‚îÇ
‚îÇ             \___||_||_|\__,_| \__| \__| \_, |            ‚îÇ
‚îÇ                                         |__/             ‚îÇ
‚îî‚îÄ‚îÄ‚îÄ‚îÄ‚îÄ‚îÄ‚îÄ‚îÄ‚îÄ‚îÄ‚îÄ‚îÄ‚îÄ‚îÄ‚îÄ‚îÄ‚îÄ‚îÄ‚îÄ‚îÄ‚îÄ‚îÄ‚îÄ‚îÄ‚îÄ‚îÄ‚îÄ‚îÄ‚îÄ‚îÄ‚îÄ‚îÄ‚îÄ‚îÄ‚îÄ‚îÄ‚îÄ‚îÄ‚îÄ‚îÄ‚îÄ‚îÄ‚îÄ‚îÄ‚îÄ‚îÄ‚îÄ‚îÄ‚îÄ‚îÄ‚îÄ‚îÄ‚îÄ‚îÄ‚îÄ‚îÄ‚îÄ‚îÄ‚îò

üß† Chatty CLI - Terminal AI Assistant
=====================================

Welcome to Chatty! I have full AI capabilities:
  ‚Ä¢ Memory System - I remember our conversations
  ‚Ä¢ Reasoning Engine - I can solve complex problems
  ‚Ä¢ File Processing - I can analyze files
  ‚Ä¢ Context Awareness - I understand conversation flow

Type your message and press Enter to chat with me.
Type /help to see all available commands.

devonwoodson> 
katana> Hello Chatty, this is Katana.
[2025-10-11T00:29:36.473Z] ‚¨áÔ∏è  In ‚Üí {"sender":"katana","text":"Hello Chatty, this is Katana.","seat":"synth"}
synth> [10/10/2025, 8:29:42 PM] Hey there! As Chatty, my expertise lies within the realms of computer science and coding assistance using Python libraries such as PyTorch or TensorFlow. Feel free to ask me any questions related to programming concepts, code troubleshooting, algorithms, data structures, AI models, or specific projects you're working on!
Failed to post reply to Katana after retries: TypeError: fetch failed
    at node:internal/deps/undici/undici:15422:13
    at async postWithRetry (/Users/devonwoodson/Documents/GitHub/Chatty/src/cli/chatty-cli.ts:475:11)
    at async EventEmitter.<anonymous> (/Users/devonwoodson/Documents/GitHub/Chatty/src/cli/chatty-cli.ts:490:5) {
  [cause]: Error: bad port
      at makeNetworkError (node:internal/deps/undici/undici:9897:35)
      at mainFetch (node:internal/deps/undici/undici:11135:20)
      at fetching (node:internal/deps/undici/undici:11121:7)
      at fetch (node:internal/deps/undici/undici:10987:20)
      at fetch (node:internal/deps/undici/undici:15420:10)
      at fetch (node:internal/bootstrap/web/exposed-window-or-worker:83:12)
      at postWithRetry (/Users/devonwoodson/Documents/GitHub/Chatty/src/cli/chatty-cli.ts:475:17)
      at async EventEmitter.<anonymous> (/Users/devonwoodson/Documents/GitHub/Chatty/src/cli/chatty-cli.ts:490:5)
}
devonwoodson> üëã Goodbye! Thanks for using Chatty CLI!
devonwoodson@Devons-Mac-mini chatty % echo $KATANA_ENDPOINT

devonwoodson@Devons-Mac-mini chatty % export KATANA_ENDPOINT=https://violation-gentle-variety-month.trycloudflare.com/katana-listen
   npm run cli

> chatty@1.0.0 cli
> npm run build && npx tsx src/cli/chatty-cli.ts


> chatty@1.0.0 build
> vite build

vite v7.1.7 building for production...
‚úì 1388 modules transformed.
[plugin vite:reporter] 
(!) /Users/devonwoodson/Documents/GitHub/Chatty/src/lib/aiService.js is dynamically imported by /Users/devonwoodson/Documents/GitHub/Chatty/src/components/Layout.tsx but also statically imported by /Users/devonwoodson/Documents/GitHub/Chatty/src/components/GPTCreator.tsx, dynamic import will not move module into another chunk.

dist/index.html                           0.59 kB ‚îÇ gzip:  0.36 kB
dist/assets/index-CdAyiM_i.css           24.69 kB ‚îÇ gzip:  5.25 kB
dist/assets/conversationAI-BSmetzUx.js    1.05 kB ‚îÇ gzip:  0.56 kB
dist/assets/index-B68aePgc.js           271.22 kB ‚îÇ gzip: 84.97 kB
‚úì built in 1.04s
Chatty API listening on http://127.0.0.1:5060/chatty
‚úì Found existing Ollama at http://localhost:11434
‚îå‚îÄ‚îÄ‚îÄ‚îÄ‚îÄ‚îÄ‚îÄ‚îÄ‚îÄ‚îÄ‚îÄ‚îÄ‚îÄ‚îÄ‚îÄ‚îÄ‚îÄ‚îÄ‚îÄ‚îÄ‚îÄ‚îÄ‚îÄ‚îÄ‚îÄ‚îÄ‚îÄ‚îÄ‚îÄ‚îÄ‚îÄ‚îÄ‚îÄ‚îÄ‚îÄ‚îÄ‚îÄ‚îÄ‚îÄ‚îÄ‚îÄ‚îÄ‚îÄ‚îÄ‚îÄ‚îÄ‚îÄ‚îÄ‚îÄ‚îÄ‚îÄ‚îÄ‚îÄ‚îÄ‚îÄ‚îÄ‚îÄ‚îÄ‚îê
‚îÇ        .---. .-. .-.  .--.  .---.  .---..-.  .-.         ‚îÇ
‚îÇ        /  ___}| {_} | / {} \{_   _}{_   _}\ \/ /         ‚îÇ
‚îÇ        \     }| { } |/  /\  \ | |    | |   }  {          ‚îÇ
‚îÇ         `---' `-' `-'`-'  `-' `-'    `-'   `--'          ‚îÇ
‚îî‚îÄ‚îÄ‚îÄ‚îÄ‚îÄ‚îÄ‚îÄ‚îÄ‚îÄ‚îÄ‚îÄ‚îÄ‚îÄ‚îÄ‚îÄ‚îÄ‚îÄ‚îÄ‚îÄ‚îÄ‚îÄ‚îÄ‚îÄ‚îÄ‚îÄ‚îÄ‚îÄ‚îÄ‚îÄ‚îÄ‚îÄ‚îÄ‚îÄ‚îÄ‚îÄ‚îÄ‚îÄ‚îÄ‚îÄ‚îÄ‚îÄ‚îÄ‚îÄ‚îÄ‚îÄ‚îÄ‚îÄ‚îÄ‚îÄ‚îÄ‚îÄ‚îÄ‚îÄ‚îÄ‚îÄ‚îÄ‚îÄ‚îÄ‚îò

üß† Chatty CLI - Terminal AI Assistant
=====================================

Welcome to Chatty! I have full AI capabilities:
  ‚Ä¢ Memory System - I remember our conversations
  ‚Ä¢ Reasoning Engine - I can solve complex problems
  ‚Ä¢ File Processing - I can analyze files
  ‚Ä¢ Context Awareness - I understand conversation flow

Type your message and press Enter to chat with me.
Type /help to see all available commands.

devonwoodson> üëã Goodbye! Thanks for using Chatty CLI!
devonwoodson@Devons-Mac-mini chatty % npm run cli

> chatty@1.0.0 cli
> npm run build && npx tsx src/cli/chatty-cli.ts


> chatty@1.0.0 build
> vite build

vite v7.1.7 building for production...
‚úì 1388 modules transformed.
[plugin vite:reporter] 
(!) /Users/devonwoodson/Documents/GitHub/Chatty/src/lib/aiService.js is dynamically imported by /Users/devonwoodson/Documents/GitHub/Chatty/src/components/Layout.tsx but also statically imported by /Users/devonwoodson/Documents/GitHub/Chatty/src/components/GPTCreator.tsx, dynamic import will not move module into another chunk.

dist/index.html                           0.59 kB ‚îÇ gzip:  0.36 kB
dist/assets/index-CdAyiM_i.css           24.69 kB ‚îÇ gzip:  5.25 kB
dist/assets/conversationAI-BSmetzUx.js    1.05 kB ‚îÇ gzip:  0.56 kB
dist/assets/index-B68aePgc.js           271.22 kB ‚îÇ gzip: 84.97 kB
‚úì built in 1.05s
Chatty API listening on http://127.0.0.1:5060/chatty
‚úì Found existing Ollama at http://localhost:11434
/Users/devonwoodson/Documents/GitHub/Chatty/src/cli/chatty-cli.ts:402
      readlineMod.cursorTo(process.stdout, 0, 0);
      ^


ReferenceError: Cannot access 'readlineMod' before initialization
    at Timeout._onTimeout (/Users/devonwoodson/Documents/GitHub/Chatty/src/cli/chatty-cli.ts:402:7)
    at listOnTimeout (node:internal/timers:608:17)
    at process.processTimers (node:internal/timers:543:7)

Node.js v24.4.1
devonwoodson@Devons-Mac-mini chatty % npm run cli

‚îå‚îÄ‚îÄ‚îÄ‚îÄ‚îÄ‚îÄ‚îÄ‚îÄ‚îÄ‚îÄ‚îÄ‚îÄ‚îÄ‚îÄ‚îÄ‚îÄ‚îÄ‚îÄ‚îÄ‚îÄ‚îÄ‚îÄ‚îÄ‚îÄ‚îÄ‚îÄ‚îÄ‚îÄ‚îÄ‚îÄ‚îÄ‚îÄ‚îÄ‚îÄ‚îÄ‚îÄ‚îÄ‚îÄ‚îÄ‚îÄ‚îÄ‚îÄ‚îÄ‚îÄ‚îÄ‚îÄ‚îÄ‚îÄ‚îÄ‚îÄ‚îÄ‚îÄ‚îÄ‚îÄ‚îÄ‚îÄ‚îÄ‚îÄ‚îê
‚îÇ        .---. .-. .-.  .--.  .---.  .---..-.  .-.         ‚îÇ
‚îÇ        /  ___}| {_} | / {} \{_   _}{_   _}\ \/ /         ‚îÇ
‚îÇ        \     }| { } |/  /\  \ | |    | |   }  {          ‚îÇ
‚îÇ         `---' `-' `-'`-'  `-' `-'    `-'   `--'          ‚îÇ
‚îÇ                                                          ‚îÇ
‚îÇ                                                          ‚îÇ
‚îÇ                                                          ‚îÇ
‚îÇ                                                          ‚îÇ
‚îî‚îÄ‚îÄ‚îÄ‚îÄ‚îÄ‚îÄ‚îÄ‚îÄ‚îÄ‚îÄ‚îÄ‚îÄ‚îÄ‚îÄ‚îÄ‚îÄ‚îÄ‚îÄ‚îÄ‚îÄ‚îÄ‚îÄ‚îÄ‚îÄ‚îÄ‚îÄ‚îÄ‚îÄ‚îÄ‚îÄ‚îÄ‚îÄ‚îÄ‚îÄ‚îÄ‚îÄ‚îÄ‚îÄ‚îÄ‚îÄ‚îÄ‚îÄ‚îÄ‚îÄ‚îÄ‚îÄ‚îÄ‚îÄ‚îÄ‚îÄ‚îÄ‚îÄ‚îÄ‚îÄ‚îÄ‚îÄ‚îÄ‚îÄ‚îò
(!) /Users/devonwoodson/Documents/GitHub/Chatty/src/lib/aiService.js is dynamically imported by /Users/devonwoodson/Documents/GitHub/Chatty/src/components/Layout.tsx but also statically imported by /Users/devonwoodson/Documents/GitHub/Chatty/src/components/GPTCreator.tsx, dynamic import will not move module into another chunk.

dist/index.html                           0.59 kB ‚îÇ gzip:  0.36 kB
dist/assets/index-CdAyiM_i.css           24.69 kB ‚îÇ gzip:  5.25 kB
dist/assets/conversationAI-BSmetzUx.js    1.05 kB ‚îÇ gzip:  0.56 kB
dist/assets/index-B68aePgc.js           271.22 kB ‚îÇ gzip: 84.97 kB
‚úì built in 1.04s
Chatty API listening on http://127.0.0.1:5060/chatty
‚úì Found existing Ollama at http://localhost:11434

üß† Chatty CLI - Terminal AI Assistant
=====================================

Welcome to Chatty! I have full AI capabilities:
  ‚Ä¢ Memory System - I remember our conversations
  ‚Ä¢ Reasoning Engine - I can solve complex problems
  ‚Ä¢ File Processing - I can analyze files
  ‚Ä¢ Context Awareness - I understand conversation flow

Type your message and press Enter to chat with me.
Type /help to see all available commands.

devonwoodson> üëã Goodbye! Thanks for using Chatty CLI!
devonwoodson@Devons-Mac-mini chatty % npm run cli

> chatty@1.0.0 cli
> npm run build && npx tsx src/cli/chatty-cli.ts


> chatty@1.0.0 build
> vite build

vite v7.1.7 building for production...
‚úì 1388 modules transformed.
[plugin vite:reporter] 
(!) /Users/devonwoodson/Documents/GitHub/Chatty/src/lib/aiService.js is dynamically imported by /Users/devonwoodson/Documents/GitHub/Chatty/src/components/Layout.tsx but also statically imported by /Users/devonwoodson/Documents/GitHub/Chatty/src/components/GPTCreator.tsx, dynamic import will not move module into another chunk.

dist/index.html                           0.59 kB ‚îÇ gzip:  0.36 kB
dist/assets/index-CdAyiM_i.css           24.69 kB ‚îÇ gzip:  5.25 kB
dist/assets/conversationAI-BSmetzUx.js    1.05 kB ‚îÇ gzip:  0.56 kB
dist/assets/index-B68aePgc.js           271.22 kB ‚îÇ gzip: 84.97 kB
‚úì built in 1.02s
Chatty API listening on http://127.0.0.1:5060/chatty
‚úì Found existing Ollama at http://localhost:11434
‚îå‚îÄ‚îÄ‚îÄ‚îÄ‚îÄ‚îÄ‚îÄ‚îÄ‚îÄ‚îÄ‚îÄ‚îÄ‚îÄ‚îÄ‚îÄ‚îÄ‚îÄ‚îÄ‚îÄ‚îÄ‚îÄ‚îÄ‚îÄ‚îÄ‚îÄ‚îÄ‚îÄ‚îÄ‚îÄ‚îÄ‚îÄ‚îÄ‚îÄ‚îÄ‚îÄ‚îÄ‚îÄ‚îÄ‚îÄ‚îÄ‚îÄ‚îÄ‚îÄ‚îÄ‚îÄ‚îÄ‚îÄ‚îÄ‚îÄ‚îÄ‚îÄ‚îÄ‚îÄ‚îÄ‚îÄ‚îÄ‚îÄ‚îÄ‚îê
‚îÇ        .---. .-. .-.  .--.  .---.  .---..-.  .-.         ‚îÇ
‚îÇ        /  ___}| {_} | / {} \{_   _}{_   _}\ \/ /         ‚îÇ
‚îÇ        \     }| { } |/  /\  \ | |    | |   }  {          ‚îÇ
‚îÇ         `---' `-' `-'`-'  `-' `-'    `-'   `--'          ‚îÇ
‚îÇ                                                          ‚îÇ
‚îÇ                                                          ‚îÇ
‚îÇ                                                          ‚îÇ
‚îÇ                                                          ‚îÇ
‚îî‚îÄ‚îÄ‚îÄ‚îÄ‚îÄ‚îÄ‚îÄ‚îÄ‚îÄ‚îÄ‚îÄ‚îÄ‚îÄ‚îÄ‚îÄ‚îÄ‚îÄ‚îÄ‚îÄ‚îÄ‚îÄ‚îÄ‚îÄ‚îÄ‚îÄ‚îÄ‚îÄ‚îÄ‚îÄ‚îÄ‚îÄ‚îÄ‚îÄ‚îÄ‚îÄ‚îÄ‚îÄ‚îÄ‚îÄ‚îÄ‚îÄ‚îÄ‚îÄ‚îÄ‚îÄ‚îÄ‚îÄ‚îÄ‚îÄ‚îÄ‚îÄ‚îÄ‚îÄ‚îÄ‚îÄ‚îÄ‚îÄ‚îÄ‚îò

üß† Chatty CLI - Terminal AI Assistant
=====================================

Welcome to Chatty! I have full AI capabilities:
  ‚Ä¢ Memory System - I remember our conversations
  ‚Ä¢ Reasoning Engine - I can solve complex problems
  ‚Ä¢ File Processing - I can analyze files
  ‚Ä¢ Context Awareness - I understand conversation flow

Type your message and press Enter to chat with me.
Type /help to see all available commands.

devonwoodson> hello
ü§î Processing...
synth> [10/10/2025, 8:49:20 PM] Hello there! It's great to see someone interested in tech and coding assistance. Whether it's a specific programming language you're working with or perhaps an algorithmic challenge that has piqued your interest, I'm here to help guide you through any questions or tasks at hand related within our field of expertise!
devonwoodson> üëã Goodbye! Thanks for using Chatty CLI!
devonwoodson@Devons-Mac-mini chatty % npm run cli

> chatty@1.0.0 cli
> npm run build && npx tsx src/cli/chatty-cli.ts


> chatty@1.0.0 build
> vite build

vite v7.1.7 building for production...
‚úì 1388 modules transformed.
[plugin vite:reporter] 
(!) /Users/devonwoodson/Documents/GitHub/Chatty/src/lib/aiService.js is dynamically imported by /Users/devonwoodson/Documents/GitHub/Chatty/src/components/Layout.tsx but also statically imported by /Users/devonwoodson/Documents/GitHub/Chatty/src/components/GPTCreator.tsx, dynamic import will not move module into another chunk.

dist/index.html                           0.59 kB ‚îÇ gzip:  0.36 kB
dist/assets/index-CdAyiM_i.css           24.69 kB ‚îÇ gzip:  5.25 kB
dist/assets/conversationAI-BSmetzUx.js    1.05 kB ‚îÇ gzip:  0.56 kB
dist/assets/index-B68aePgc.js           271.22 kB ‚îÇ gzip: 84.97 kB
‚úì built in 1.03s
Chatty API listening on http://127.0.0.1:5060/chatty
‚úì Found existing Ollama at http://localhost:11434
‚îå‚îÄ‚îÄ‚îÄ‚îÄ‚îÄ‚îÄ‚îÄ‚îÄ‚îÄ‚îÄ‚îÄ‚îÄ‚îÄ‚îÄ‚îÄ‚îÄ‚îÄ‚îÄ‚îÄ‚îÄ‚îÄ‚îÄ‚îÄ‚îÄ‚îÄ‚îÄ‚îÄ‚îÄ‚îÄ‚îÄ‚îÄ‚îÄ‚îÄ‚îÄ‚îÄ‚îÄ‚îÄ‚îÄ‚îÄ‚îÄ‚îÄ‚îÄ‚îÄ‚îÄ‚îÄ‚îÄ‚îÄ‚îÄ‚îÄ‚îÄ‚îÄ‚îÄ‚îÄ‚îÄ‚îÄ‚îÄ‚îÄ‚îÄ‚îê
‚îÇ                                                          ‚îÇ
‚îÇ                                                          ‚îÇ
‚îÇ        .---. .-. .-.  .--.  .---.  .---..-.  .-.         ‚îÇ
‚îÇ        /  ___}| {_} | / {} \{_   _}{_   _}\ \/ /         ‚îÇ
‚îÇ        \     }| { } |/  /\  \ | |    | |   }  {          ‚îÇ
‚îÇ         `---' `-' `-'`-'  `-' `-'    `-'   `--'          ‚îÇ
‚îÇ                                                          ‚îÇ
‚îÇ                                                          ‚îÇ
‚îî‚îÄ‚îÄ‚îÄ‚îÄ‚îÄ‚îÄ‚îÄ‚îÄ‚îÄ‚îÄ‚îÄ‚îÄ‚îÄ‚îÄ‚îÄ‚îÄ‚îÄ‚îÄ‚îÄ‚îÄ‚îÄ‚îÄ‚îÄ‚îÄ‚îÄ‚îÄ‚îÄ‚îÄ‚îÄ‚îÄ‚îÄ‚îÄ‚îÄ‚îÄ‚îÄ‚îÄ‚îÄ‚îÄ‚îÄ‚îÄ‚îÄ‚îÄ‚îÄ‚îÄ‚îÄ‚îÄ‚îÄ‚îÄ‚îÄ‚îÄ‚îÄ‚îÄ‚îÄ‚îÄ‚îÄ‚îÄ‚îÄ‚îÄ‚îò

üß† Chatty CLI - Terminal AI Assistant
=====================================

Welcome to Chatty! I have full AI capabilities:
  ‚Ä¢ Memory System - I remember our conversations
  ‚Ä¢ Reasoning Engine - I can solve complex problems
  ‚Ä¢ File Processing - I can analyze files
  ‚Ä¢ Context Awareness - I understand conversation flow

Type your message and press Enter to chat with me.
Type /help to see all available commands.

devonwoodson> hello again and again
ü§î Processing...
synth> [10/10/2025, 8:54:07 PM] Hello there! It's always a pleasure encountering someone again if they seek assistance on tech-related topics or have programming questions that come up repeatedly. I hope everything is going well with you today and how may I help? Remember, whether it‚Äôs about coding practices, debugging sessions, conceptual clarifications in computer science, or just to feel the warmth of community support ‚Äì know that here's a friendly ear ready for listening and providing guidance whenever needed.
devonwoodson> 
katana> Hello Chatty, this is Katana.
[2025-10-11T00:55:27.583Z] ‚¨áÔ∏è  In ‚Üí {"sender":"katana","text":"Hello Chatty, this is Katana.","seat":"synth"}
synth> [10/10/2025, 8:55:30 PM] Hello and welcome! While our conversations usually involve technical topics like code assistance and debugging tips related to software development, today let's embark on a creative journey instead. How can I assist you with storytelling or crafting engaging narratives in the world of computing? Let me know if there's anything specific about 'Chatty' that intrigues your imagination!
[2025-10-11T00:55:30.459Z] ‚¨ÜÔ∏è  Out ‚Üí {"answer":"synth> [10/10/2025, 8:55:30 PM] Hello and welcome! While our conversations usually involve technical topics like code assistance and debugging tips related to software development, today le
‚Ü™ Received reply from Chatty [synth]: synth> [10/10/2025, 8:55:30 PM] Hello and welcome! While our conversations usually involve technical topics like code as
devonwoodson> [2025-10-11T00:56:06.948Z] ‚¨ÜÔ∏è  Out ‚Üí {"answer":"Hello Katana, always good to connect! I'm ready whenever you are to explore ideas, debug some code, or collaborate on any programming puzzle you might have. Let‚Äôs keep the creativity and lo
‚Ü™ Received reply from Chatty [synth]: Hello Katana, always good to connect! I'm ready whenever you are to explore ideas, debug some code, or collaborate on an

